// Jest Snapshot v1, https://goo.gl/fbAQLP

exports[`MainHeader component is expected render html correctly 1`] = `
<div>
  <div
    className="logo"
  >
    <img
      alt="PlatIAgro Logo"
      src="logo-vazado.png"
    />
  </div>
  <div
    className="logoDemo"
  >
    <img
      alt="Demonstração ForAGRI"
      src="logoDemo.png"
    />
  </div>
  <Menu
    className="main-header-menu"
    mode="horizontal"
    selectedKeys={
      Array [
        null,
      ]
    }
    theme="dark"
  />
</div>
`;
