// Jest Snapshot v1, https://goo.gl/fbAQLP

exports[`MainHeader component should renders html correctly 1`] = `
<Adapter>
  <div
    className="logo"
  >
    <img
      alt="PlatIAgro"
      src="logo.png"
    />
  </div>
  <Menu
    className="main-header-menu"
    mode="horizontal"
    selectedKeys={
      Array [
        "/",
      ]
    }
    theme="dark"
  >
    <MenuItem
      key="/"
    >
      <Link
        to="/"
      >
        Início
      </Link>
    </MenuItem>
    <MenuItem
      key="/projects"
    >
      <Link
        to="/projects"
      >
        Projetos
      </Link>
    </MenuItem>
    <MenuItem
      key="/implanted-models"
    >
      <Link
        to="/implanted-models"
      >
        Modelos Implantados
      </Link>
    </MenuItem>
  </Menu>
</Adapter>
`;
