// Jest Snapshot v1, https://goo.gl/fbAQLP

exports[`UploadFileNotebookModal component is expected render html correctly 1`] = `
<UploadFileNotebookModal
  fileName="fileName"
  filePath="filePath"
  form={
    Object {
      "getFieldDecorator": [Function],
      "getFieldError": [Function],
      "getFieldInstance": [Function],
      "getFieldProps": [Function],
      "getFieldValue": [Function],
      "getFieldsError": [Function],
      "getFieldsValue": [Function],
      "isFieldTouched": [Function],
      "isFieldValidating": [Function],
      "isFieldsTouched": [Function],
      "isFieldsValidating": [Function],
      "isSubmitting": [Function],
      "resetFields": [Function],
      "setFields": [Function],
      "setFieldsInitialValue": [Function],
      "setFieldsValue": [Function],
      "submit": [Function],
      "validateFields": [Function],
      "validateFieldsAndScroll": [Function],
    }
  }
  namespaces={
    Array [
      Object {
        "namespace": "anonymous",
        "role": "contributor",
        "user": "anonymous@kubeflow.org",
      },
    ]
  }
  onCancel={[Function]}
  visible={true}
/>
`;
