// Jest Snapshot v1, https://goo.gl/fbAQLP

exports[`Page Projects should renders html correctly 1`] = `
<div
  className="project-page"
>
  <Form(NewProjectModal)
    onCancel={[Function]}
    onCreate={[Function]}
    visible={false}
    wrappedComponentRef={[Function]}
  />
  <div
    className="header"
  >
    <Button
      block={false}
      ghost={false}
      htmlType="button"
      icon="plus"
      loading={false}
      onClick={[Function]}
      type="primary"
    >
      Novo Projeto
    </Button>
    <Divider
      type="vertical"
    />
    <Button
      block={false}
      disabled={true}
      ghost={false}
      htmlType="button"
      loading={false}
    >
      Excluir
    </Button>
  </div>
  <Divider />
  <div
    className="body"
  >
    <ProjectsTable
      projectList={
        Array [
          Object {
            "created": "11/10/2019 12:59:21",
            "experiments": "Experimento 0, Experimento 1, Experimento 2, Experimento 3, Experimento 4, Experimento 5, Experimento 6",
            "experimentsList": Array [
              "Experimento 0",
              "Experimento 1",
              "Experimento 2",
              "Experimento 3",
              "Experimento 4",
              "Experimento 5",
              "Experimento 6",
            ],
            "key": "1",
            "projectName": "workshp_ForAgri_0",
          },
          Object {
            "created": "11/10/2019 12:59:21",
            "experiments": "Experimento 0, Experimento 1, Experimento 2",
            "experimentsList": Array [
              "Experimento 0",
              "Experimento 1",
              "Experimento 2",
            ],
            "key": "2",
            "projectName": "workshp_ForAgri_1",
          },
          Object {
            "created": "11/10/2019 12:59:21",
            "experiments": "Experimento 0",
            "experimentsList": Array [
              "Experimento 0",
            ],
            "key": "3",
            "projectName": "workshp_ForAgri_2",
          },
          Object {
            "created": "11/10/2019 12:59:21",
            "experiments": "Experimento 0",
            "experimentsList": Array [
              "Experimento 0",
            ],
            "key": "4",
            "projectName": "workshp_ForAgri_3",
          },
          Object {
            "created": "11/10/2019 12:59:21",
            "experiments": "Experimento 0",
            "experimentsList": Array [
              "Experimento 0",
            ],
            "key": "5",
            "projectName": "workshp_ForAgri_4",
          },
          Object {
            "created": "11/10/2019 12:59:21",
            "experiments": "Experimento 0",
            "experimentsList": Array [
              "Experimento 0",
            ],
            "key": "6",
            "projectName": "workshp_ForAgri_5",
          },
          Object {
            "created": "11/10/2019 12:59:21",
            "experiments": "Experimento 0",
            "experimentsList": Array [
              "Experimento 0",
            ],
            "key": "7",
            "projectName": "workshp_ForAgri_6",
          },
          Object {
            "created": "11/10/2019 12:59:21",
            "experiments": "Experimento 0",
            "experimentsList": Array [
              "Experimento 0",
            ],
            "key": "8",
            "projectName": "workshp_ForAgri_7",
          },
          Object {
            "created": "11/10/2019 12:59:21",
            "experiments": "Experimento 0",
            "experimentsList": Array [
              "Experimento 0",
            ],
            "key": "9",
            "projectName": "workshp_ForAgri_8",
          },
          Object {
            "created": "11/10/2019 12:59:21",
            "experiments": "Experimento 0",
            "experimentsList": Array [
              "Experimento 0",
            ],
            "key": "10",
            "projectName": "workshp_ForAgri_9",
          },
        ]
      }
      rowSelection={
        Object {
          "onChange": [Function],
          "selectedRowKeys": Array [],
        }
      }
    />
  </div>
</div>
`;
