// Jest Snapshot v1, https://goo.gl/fbAQLP

exports[`NewParameterForm component is expected render html correctly 1`] = `
<NewParameterForm
  details={
    Object {
      "createdAt": "2019-11-05T17:16:53.000Z",
      "name": "AutoML",
      "parameters": Array [
        Object {
          "name": "b",
          "required": true,
          "type": "int",
        },
        Object {
          "name": "a",
          "required": false,
          "type": "int",
        },
      ],
      "uuid": "1",
    }
  }
  form={
    Object {
      "getFieldDecorator": [Function],
      "getFieldError": [Function],
      "getFieldInstance": [Function],
      "getFieldProps": [Function],
      "getFieldValue": [Function],
      "getFieldsError": [Function],
      "getFieldsValue": [Function],
      "isFieldTouched": [Function],
      "isFieldValidating": [Function],
      "isFieldsTouched": [Function],
      "isFieldsValidating": [Function],
      "isSubmitting": [Function],
      "resetFields": [Function],
      "setFields": [Function],
      "setFieldsInitialValue": [Function],
      "setFieldsValue": [Function],
      "submit": [Function],
      "validateFields": [Function],
      "validateFieldsAndScroll": [Function],
    }
  }
  onAddParam={[Function]}
  store={
    Object {
      "clearActions": [Function],
      "dispatch": [Function],
      "getActions": [Function],
      "getState": [Function],
      "replaceReducer": [Function],
      "subscribe": [Function],
    }
  }
/>
`;
