// Jest Snapshot v1, https://goo.gl/fbAQLP

exports[`NewParameterModal component is expected render html correctly 1`] = `
<Modal
  cancelText="Cancelar"
  confirmLoading={false}
  maskTransitionName="fade"
  okButtonProps={
    Object {
      "disabled": false,
    }
  }
  okText="Criar"
  okType="primary"
  onCancel={[Function]}
  onOk={[Function]}
  title="Novo Parâmetro"
  transitionName="zoom"
  visible={true}
  width={520}
>
  <Form
    colon={true}
    hideRequiredMark={false}
    layout="vertical"
    onSubmit={[Function]}
  >
    <FormItem
      hasFeedback={false}
      label="Nome: "
    >
      <Input
        data-__field={
          Object {
            "name": "name",
          }
        }
        data-__meta={
          Object {
            "name": "name",
            "originalProps": Object {
              "type": "text",
            },
            "ref": null,
            "rules": Array [
              Object {
                "message": " ",
                "required": true,
              },
            ],
            "trigger": "onChange",
            "validate": Array [
              Object {
                "rules": Array [
                  Object {
                    "message": " ",
                    "required": true,
                  },
                ],
                "trigger": Array [
                  "onChange",
                ],
              },
            ],
            "valuePropName": "value",
          }
        }
        id="new-parameter-modal_name"
        onChange={[Function]}
        type="text"
      />
    </FormItem>
    <FormItem
      hasFeedback={false}
      label="Tipo: "
    >
      <Select
        choiceTransitionName="zoom"
        data-__field={
          Object {
            "name": "type",
          }
        }
        data-__meta={
          Object {
            "name": "type",
            "originalProps": Object {
              "children": Array [
                <Option
                  value="float"
                >
                  Float
                </Option>,
                <Option
                  value="int"
                >
                  Int
                </Option>,
                <Option
                  value="string"
                >
                  String
                </Option>,
              ],
              "choiceTransitionName": "zoom",
              "showSearch": false,
              "transitionName": "slide-up",
            },
            "ref": null,
            "rules": Array [
              Object {
                "message": " ",
                "required": true,
              },
            ],
            "trigger": "onChange",
            "validate": Array [
              Object {
                "rules": Array [
                  Object {
                    "message": " ",
                    "required": true,
                  },
                ],
                "trigger": Array [
                  "onChange",
                ],
              },
            ],
            "valuePropName": "value",
          }
        }
        id="new-parameter-modal_type"
        onChange={[Function]}
        showSearch={false}
        transitionName="slide-up"
      >
        <Option
          value="float"
        >
          Float
        </Option>
        <Option
          value="int"
        >
          Int
        </Option>
        <Option
          value="string"
        >
          String
        </Option>
      </Select>
    </FormItem>
    <FormItem
      hasFeedback={false}
      label="Valor padrão: "
    >
      <Input
        data-__field={
          Object {
            "name": "defaultValue",
          }
        }
        data-__meta={
          Object {
            "name": "defaultValue",
            "originalProps": Object {
              "type": "text",
            },
            "ref": null,
            "trigger": "onChange",
            "validate": Array [],
            "valuePropName": "value",
          }
        }
        id="new-parameter-modal_defaultValue"
        onChange={[Function]}
        type="text"
      />
    </FormItem>
    <FormItem
      hasFeedback={false}
      label="Detalhes: "
    >
      <TextArea
        data-__field={
          Object {
            "name": "details",
          }
        }
        data-__meta={
          Object {
            "name": "details",
            "originalProps": Object {},
            "ref": null,
            "trigger": "onChange",
            "validate": Array [],
            "valuePropName": "value",
          }
        }
        id="new-parameter-modal_details"
        onChange={[Function]}
      />
    </FormItem>
    <FormItem
      hasFeedback={false}
      label="Obrigatório: "
    >
      <Switch
        checked={true}
        data-__field={
          Object {
            "name": "required",
          }
        }
        data-__meta={
          Object {
            "initialValue": true,
            "name": "required",
            "originalProps": Object {},
            "ref": null,
            "trigger": "onChange",
            "validate": Array [],
            "valuePropName": "checked",
          }
        }
        id="new-parameter-modal_required"
        onChange={[Function]}
      />
    </FormItem>
  </Form>
</Modal>
`;
