// Jest Snapshot v1, https://goo.gl/fbAQLP

exports[`App component is expected render html correctly 1`] = `
<Adapter>
  <MainDrawer />
  <Adapter>
    <Adapter>
      <Route
        component={[Function]}
      />
    </Adapter>
    <Adapter>
      <Switch>
        <Route
          component={[Function]}
          exact={true}
          key="/"
          path="/"
        />
        <Route
          component={[Function]}
          key="/projects"
          path="/projects"
        />
        <Route
          component={[Function]}
          key="/implanted-models"
          path="/implanted-models"
        />
        <Route
          component={[Function]}
          key="*"
          path="*"
        />
      </Switch>
    </Adapter>
    <Adapter>
      <MainFooter />
    </Adapter>
  </Adapter>
</Adapter>
`;
