// Jest Snapshot v1, https://goo.gl/fbAQLP

exports[`Page Components should is expected render html correctly 1`] = `
<div
  className="componentsPage"
>
  <Form(NewComponentModal)
    onCancel={[Function]}
    onCreate={[Function]}
    visible={false}
    wrappedComponentRef={[Function]}
  />
  <ContentHeader
    title="Componentes"
  />
  <div
    className="componentsPageBody"
  >
    <div
      className="header"
    >
      <Button
        block={false}
        disabled={true}
        ghost={false}
        htmlType="button"
        icon="plus"
        loading={false}
        onClick={[Function]}
        type="primary"
      >
        Novo Compomente
      </Button>
    </div>
    <div
      className="body"
    >
      <Spin
        size="default"
        spinning={true}
        wrapperClassName=""
      />
    </div>
  </div>
</div>
`;
