// Jest Snapshot v1, https://goo.gl/fbAQLP

exports[`ProjectsTable component should renders html correctly 1`] = `
<Table
  bordered={false}
  childrenColumnName="children"
  className=""
  columns={
    Array [
      Object {
        "dataIndex": "projectName",
        "key": "projectName",
        "title": "Nome do Projeto",
      },
      Object {
        "dataIndex": "experiments",
        "key": "experiments",
        "title": "Experimentos",
      },
      Object {
        "dataIndex": "created",
        "key": "created",
        "title": "Data de Criação",
      },
    ]
  }
  dataSource={
    Array [
      Object {
        "created": "11/10/2019 12:59:21",
        "experiments": <Tooltip
          arrowPointAtCenter={false}
          autoAdjustOverflow={true}
          mouseEnterDelay={0.1}
          mouseLeaveDelay={0.1}
          placement="top"
          title="Experimento 0, Experimento 1, Experimento 2, Experimento 3, Experimento 4, Experimento 5, Experimento 6"
          transitionName="zoom-big-fast"
        >
          <span>
            Experimento 0, Experimento 1, Experimento 2, Experimento 3, Experimento 4, Experimento 5, Experimento 6
          </span>
        </Tooltip>,
        "experimentsList": Array [
          "Experimento 0",
          "Experimento 1",
          "Experimento 2",
          "Experimento 3",
          "Experimento 4",
          "Experimento 5",
          "Experimento 6",
        ],
        "key": "1",
        "projectName": "workshp_ForAgri_0",
      },
      Object {
        "created": "11/10/2019 12:59:21",
        "experiments": <Tooltip
          arrowPointAtCenter={false}
          autoAdjustOverflow={true}
          mouseEnterDelay={0.1}
          mouseLeaveDelay={0.1}
          placement="top"
          title="Experimento 0, Experimento 1, Experimento 2"
          transitionName="zoom-big-fast"
        >
          <span>
            Experimento 0, Experimento 1, Experimento 2
          </span>
        </Tooltip>,
        "experimentsList": Array [
          "Experimento 0",
          "Experimento 1",
          "Experimento 2",
        ],
        "key": "2",
        "projectName": "workshp_ForAgri_1",
      },
      Object {
        "created": "11/10/2019 12:59:21",
        "experiments": <Tooltip
          arrowPointAtCenter={false}
          autoAdjustOverflow={true}
          mouseEnterDelay={0.1}
          mouseLeaveDelay={0.1}
          placement="top"
          title="Experimento 0"
          transitionName="zoom-big-fast"
        >
          <span>
            Experimento 0
          </span>
        </Tooltip>,
        "experimentsList": Array [
          "Experimento 0",
        ],
        "key": "3",
        "projectName": "workshp_ForAgri_2",
      },
      Object {
        "created": "11/10/2019 12:59:21",
        "experiments": <Tooltip
          arrowPointAtCenter={false}
          autoAdjustOverflow={true}
          mouseEnterDelay={0.1}
          mouseLeaveDelay={0.1}
          placement="top"
          title="Experimento 0"
          transitionName="zoom-big-fast"
        >
          <span>
            Experimento 0
          </span>
        </Tooltip>,
        "experimentsList": Array [
          "Experimento 0",
        ],
        "key": "4",
        "projectName": "workshp_ForAgri_3",
      },
      Object {
        "created": "11/10/2019 12:59:21",
        "experiments": <Tooltip
          arrowPointAtCenter={false}
          autoAdjustOverflow={true}
          mouseEnterDelay={0.1}
          mouseLeaveDelay={0.1}
          placement="top"
          title="Experimento 0"
          transitionName="zoom-big-fast"
        >
          <span>
            Experimento 0
          </span>
        </Tooltip>,
        "experimentsList": Array [
          "Experimento 0",
        ],
        "key": "5",
        "projectName": "workshp_ForAgri_4",
      },
      Object {
        "created": "11/10/2019 12:59:21",
        "experiments": <Tooltip
          arrowPointAtCenter={false}
          autoAdjustOverflow={true}
          mouseEnterDelay={0.1}
          mouseLeaveDelay={0.1}
          placement="top"
          title="Experimento 0"
          transitionName="zoom-big-fast"
        >
          <span>
            Experimento 0
          </span>
        </Tooltip>,
        "experimentsList": Array [
          "Experimento 0",
        ],
        "key": "6",
        "projectName": "workshp_ForAgri_5",
      },
      Object {
        "created": "11/10/2019 12:59:21",
        "experiments": <Tooltip
          arrowPointAtCenter={false}
          autoAdjustOverflow={true}
          mouseEnterDelay={0.1}
          mouseLeaveDelay={0.1}
          placement="top"
          title="Experimento 0"
          transitionName="zoom-big-fast"
        >
          <span>
            Experimento 0
          </span>
        </Tooltip>,
        "experimentsList": Array [
          "Experimento 0",
        ],
        "key": "7",
        "projectName": "workshp_ForAgri_6",
      },
      Object {
        "created": "11/10/2019 12:59:21",
        "experiments": <Tooltip
          arrowPointAtCenter={false}
          autoAdjustOverflow={true}
          mouseEnterDelay={0.1}
          mouseLeaveDelay={0.1}
          placement="top"
          title="Experimento 0"
          transitionName="zoom-big-fast"
        >
          <span>
            Experimento 0
          </span>
        </Tooltip>,
        "experimentsList": Array [
          "Experimento 0",
        ],
        "key": "8",
        "projectName": "workshp_ForAgri_7",
      },
      Object {
        "created": "11/10/2019 12:59:21",
        "experiments": <Tooltip
          arrowPointAtCenter={false}
          autoAdjustOverflow={true}
          mouseEnterDelay={0.1}
          mouseLeaveDelay={0.1}
          placement="top"
          title="Experimento 0"
          transitionName="zoom-big-fast"
        >
          <span>
            Experimento 0
          </span>
        </Tooltip>,
        "experimentsList": Array [
          "Experimento 0",
        ],
        "key": "9",
        "projectName": "workshp_ForAgri_8",
      },
      Object {
        "created": "11/10/2019 12:59:21",
        "experiments": <Tooltip
          arrowPointAtCenter={false}
          autoAdjustOverflow={true}
          mouseEnterDelay={0.1}
          mouseLeaveDelay={0.1}
          placement="top"
          title="Experimento 0"
          transitionName="zoom-big-fast"
        >
          <span>
            Experimento 0
          </span>
        </Tooltip>,
        "experimentsList": Array [
          "Experimento 0",
        ],
        "key": "10",
        "projectName": "workshp_ForAgri_9",
      },
    ]
  }
  indentSize={20}
  loading={false}
  locale={Object {}}
  onRow={[Function]}
  pagination={
    Object {
      "pageSize": 9,
    }
  }
  rowKey="key"
  rowSelection={
    Object {
      "onChange": [Function],
      "selectedRowKeys": Array [],
    }
  }
  showHeader={true}
  size="default"
  sortDirections={
    Array [
      "ascend",
      "descend",
    ]
  }
  useFixedHeader={false}
/>
`;
