// Jest Snapshot v1, https://goo.gl/fbAQLP

exports[`AttributeFilterDrawerContent component is expected render html correctly 1`] = `
<div>
  <div>
    <p>
      Atributos excluídos
    </p>
    <p>
      <small>
        Selecione os atributos que serão excluídos.
      </small>
    </p>
    <Select
      choiceTransitionName="zoom"
      mode="multiple"
      onChange={[Function]}
      placeholder="Selecione"
      showSearch={false}
      style={
        Object {
          "width": "100%",
        }
      }
      transitionName="slide-up"
      value={
        Array [
          "",
        ]
      }
    />
  </div>
</div>
`;
