// Jest Snapshot v1, https://goo.gl/fbAQLP

exports[`MainContent component renders html correctly 1`] = `
<div>
  <ContentHeader
    subTitle="Esse é o subtítulo da página de ínicio (ALTERAR)"
    title="Início"
  />
  <Adapter
    className="main-content"
  >
    <div
      className="content"
    >
      <Switch>
        <Route
          component={[Function]}
          exact={true}
          key="/"
          path="/"
        />
        <Route
          component={[Function]}
          key="/projects"
          path="/projects"
        />
        <Route
          component={[Function]}
          key="/implanted-models"
          path="/implanted-models"
        />
        <Route
          component={[Function]}
          key="*"
          path="*"
        />
      </Switch>
    </div>
  </Adapter>
</div>
`;
