// Jest Snapshot v1, https://goo.gl/fbAQLP

exports[`MainContent component renders html correctly 1`] = `
<div>
  <ContentHeader
    subTitle=""
    title=""
  />
  <Adapter
    className="main-content"
  >
    <div
      className="content"
    >
      <Switch>
        <Redirect
          exact={true}
          from="/"
          to="/projects"
        />
        <Route
          component={[Function]}
          path="/projects"
        />
        <Route
          component={[Function]}
        />
      </Switch>
    </div>
  </Adapter>
</div>
`;
